============================================================
SECTION 1: SETUP & VERSIONS
============================================================
python      3.12.3
numpy       2.4.6
pandas      3.0.3
scikit-learn1.9.0
xgboost     3.2.0
shap        0.52.0
seed        42
============================================================
SECTION 2: LOAD AIT-ADS DATA
============================================================
  fox               462,523 alerts
  harrison          583,754 alerts
  russellmitchell    41,488 alerts
  santos            126,513 alerts
  shaw               68,539 alerts
  wardbeck           88,204 alerts
  wheeler           603,939 alerts
  wilson            625,303 alerts

Total rows      : 2,600,263
Attack ratio    : 0.661  (attacks=1,717,524, benign=882,739)
Feature matrix  : (2600263, 26)
Sample vector   : [22.0, 3.0, 0.0, 0.0, 0.0, 0.0, 0.0, 0.0, 0.0, 0.0, 0.0, 0.0, -1.0, 0.0, 0.0, 52507.0, 0.0, 0.0, 0.0, 0.0, 0.0, 0.0, 999.0, 0.0, 0.0, 2.0]
Load time       : 181.9s
============================================================
SECTION 3: SPLIT & PREPROCESS
============================================================
Train: (2080210, 26)  attacks=1,374,019  benign=706,191
Test : (520053, 26)  attacks=343,505  benign=176,548
Upsampled train (minority=0): (2748038, 26)  attacks=1,374,019  benign=1,374,019
Saved models_v2/scaler_v2.pkl and models_v2/imputer_v2.pkl
Saved models_v2/ait_split.npz (raw split for phase2)
============================================================
SECTION 4: TRAIN XGBOOST
============================================================
scale_pos_weight = 706191 / 1374019 = 0.5140
best_iteration : 219
test AUC       : 0.9956
training time  : 44.6s
Saved models_v2/xgb_model.pkl
============================================================
SECTION 5: COST-SENSITIVE THRESHOLD OPTIMISATION
============================================================
Setting                thr | metrics
Current (0.70)     thr=0.700 | TP=339748 FN= 3757 FP=     2 | Rec=0.989 Prec=1.000 F1=0.994 Cost=   37572
Cost-optimal       thr=0.075 | TP=339799 FN= 3706 FP=    51 | Rec=0.989 Prec=1.000 F1=0.995 Cost=   37111
Zero-FN            thr=0.000 | TP=343505 FN=    0 FP=176548 | Rec=1.000 Prec=0.661 F1=0.796 Cost=  176548
Saved models_v2/thresholds_v2.json
Saved plots_v2/threshold_cost_curve.png
============================================================
SECTION 6: SHAP FEATURE IMPORTANCE
============================================================
Top 10 features by mean|SHAP|:
  is_web_attack          6.9484
  time_since_last_high   0.8576
  alert_rate_1min        0.5834
  unique_src_ip_10min    0.3539
  rule_id_encoded        0.2158
  rule_level             0.1700
  rule_diversity_10min   0.1564
  high_sev_ratio_20      0.1124
  scan_preceded          0.0455
  desc_len               0.0260
Saved plots_v2/shap_feature_importance.png
============================================================
SECTION 7: EVALUATE ON AIT-ADS TEST SET
============================================================

--- Current θ=0.70 (thr=0.700) ---
              precision    recall  f1-score   support

      benign     0.9792    1.0000    0.9895    176548
      attack     1.0000    0.9891    0.9945    343505

    accuracy                         0.9928    520053
   macro avg     0.9896    0.9945    0.9920    520053
weighted avg     0.9929    0.9928    0.9928    520053


--- Cost-optimal θ* (thr=0.075) ---
              precision    recall  f1-score   support

      benign     0.9794    0.9997    0.9895    176548
      attack     0.9998    0.9892    0.9945    343505

    accuracy                         0.9928    520053
   macro avg     0.9896    0.9945    0.9920    520053
weighted avg     0.9929    0.9928    0.9928    520053


Saved plots_v2/xgb_cm_ait_ads.png
============================================================
SECTION 8: EVALUATE ON REAL LNX-DMZ DATA
============================================================
lnx-dmz rows in experiment window: 4,533
phase distribution: {'AIT-ADS': 4489, 'benign': 30, 'NOVEL': 14}
Phase 1 (AIT-ADS+benign): {'n': 4519, 'n_attack': 4489, 'n_benign': 30, 'recall': np.float64(0.9988861661840054), 'fpr': np.float64(0.13333333333333333)}
Phase 2 (NOVEL+benign)  : {'n': 44, 'n_attack': 14, 'n_benign': 30, 'recall': np.float64(0.8571428571428571), 'fpr': np.float64(0.13333333333333333)}
Known recall=0.999  Novel recall=0.857  Benign FPR=0.133
Saved plots_v2/xgb_cm_lnx_dmz.png
Saved results_v2/phase1_results.csv
============================================================
SECTION 9: XGBOOST vs DQN COMPARISON
============================================================
Saved plots_v2/xgb_vs_dqn.png
DQN  novel recall: 0.071
XGB  novel recall: 0.857
============================================================
SECTION 10: COMPLETION SUMMARY
============================================================
  [ok] models_v2/scaler_v2.pkl
  [ok] models_v2/imputer_v2.pkl
  [ok] models_v2/xgb_model.pkl
  [ok] models_v2/thresholds_v2.json
  [ok] models_v2/ait_split.npz
  [ok] plots_v2/threshold_cost_curve.png
  [ok] plots_v2/shap_feature_importance.png
  [ok] plots_v2/xgb_cm_ait_ads.png
  [ok] plots_v2/xgb_cm_lnx_dmz.png
  [ok] plots_v2/xgb_vs_dqn.png
  [ok] results_v2/phase1_results.csv

R1  Known-attack F1 >= 0.95 : [MET]  (F1=0.9945)
R2  Known-attack FNR <= 5%  : [MET]  (FNR=0.0108)

Run phase2_memae.py next
